R B2 R' U2 r' B2 U2 B2 D2 L' D' R' B' L B' D L' R2 U'