[
    {
        "notation": "y2",
        "move": "y",
        "turnType": "double",
        "slices": 1
    }
]
