D2 F' D2 L2 F' L2 F' R2 F2 D2 R2 U F' R' B' L2 R' D F2 U2 Rw2 Uw2 U L Fw2 Rw2 F2 U' L Fw2 L U Fw' U F' L' Fw B2 D Uw Rw D2 Fw' F Uw