[
    {
        "notation": "R'",
        "move": "R",
        "turnType": "counterClockwise",
        "slices": 1
    },
    {
        "notation": "Bw",
        "move": "B",
        "turnType": "clockwise",
        "slices": 2
    },
    {
        "notation": "3Rw2",
        "move": "R",
        "turnType": "double",
        "slices": 3
    },
    {
        "notation": "F",
        "move": "F",
        "turnType": "clockwise",
        "slices": 1
    },
    {
        "notation": "Rw2'",
        "move": "R",
        "turnType": "double",
        "slices": 2
    },
    {
        "notation": "Rw'2",
        "move": "R",
        "turnType": "double",
        "slices": 2
    },
    {
        "notation": "Uw",
        "move": "U",
        "turnType": "clockwise",
        "slices": 2
    },
    {
        "notation": "3Fw",
        "move": "F",
        "turnType": "clockwise",
        "slices": 3
    },
    {
        "notation": "Dw2",
        "move": "D",
        "turnType": "double",
        "slices": 2
    },
    {
        "notation": "3Uw",
        "move": "U",
        "turnType": "clockwise",
        "slices": 3
    },
    {
        "notation": "D2",
        "move": "D",
        "turnType": "double",
        "slices": 1
    },
    {
        "notation": "Rw2",
        "move": "R",
        "turnType": "double",
        "slices": 2
    },
    {
        "notation": "R'",
        "move": "R",
        "turnType": "counterClockwise",
        "slices": 1
    },
    {
        "notation": "3Uw2",
        "move": "U",
        "turnType": "double",
        "slices": 3
    },
    {
        "notation": "R2",
        "move": "R",
        "turnType": "double",
        "slices": 1
    },
    {
        "notation": "3Rw2",
        "move": "R",
        "turnType": "double",
        "slices": 3
    },
    {
        "notation": "Uw2",
        "move": "U",
        "turnType": "double",
        "slices": 2
    },
    {
        "notation": "F2",
        "move": "F",
        "turnType": "double",
        "slices": 1
    },
    {
        "notation": "3Rw'",
        "move": "R",
        "turnType": "counterClockwise",
        "slices": 3
    },
    {
        "notation": "Lw'",
        "move": "L",
        "turnType": "counterClockwise",
        "slices": 2
    },
    {
        "notation": "F2",
        "move": "F",
        "turnType": "double",
        "slices": 1
    },
    {
        "notation": "3Rw'",
        "move": "R",
        "turnType": "counterClockwise",
        "slices": 3
    },
    {
        "notation": "Rw",
        "move": "R",
        "turnType": "clockwise",
        "slices": 2
    },
    {
        "notation": "L'",
        "move": "L",
        "turnType": "counterClockwise",
        "slices": 1
    },
    {
        "notation": "3Uw",
        "move": "U",
        "turnType": "clockwise",
        "slices": 3
    },
    {
        "notation": "U",
        "move": "U",
        "turnType": "clockwise",
        "slices": 1
    },
    {
        "notation": "L'",
        "move": "L",
        "turnType": "counterClockwise",
        "slices": 1
    },
    {
        "notation": "Uw'",
        "move": "U",
        "turnType": "counterClockwise",
        "slices": 2
    },
    {
        "notation": "U2",
        "move": "U",
        "turnType": "double",
        "slices": 1
    },
    {
        "notation": "D2",
        "move": "D",
        "turnType": "double",
        "slices": 1
    },
    {
        "notation": "F",
        "move": "F",
        "turnType": "clockwise",
        "slices": 1
    }
]
