[
    {
        "notation": "y1",
        "move": "y",
        "turnType": "clockwise",
        "slices": 1
    }
]
