Uw' U' Lw D2 L' Dw' L2 R2 D Bw Lw' D B2 Fw2 L U' Fw2 F' Lw Fw' Uw' Rw U' Uw2 Rw2 D Rw2 L Uw Dw2 Lw Rw' U D' B2 Rw' U2 Dw L' F' R2 Rw Lw2 D R' Bw'