R' Bw 3Rw2 F Rw2' Rw'2 Uw 3Fw Dw2 3Uw D2 Rw2 R' 3Uw2 R2 3Rw2 Uw2 F2 3Rw' Lw' F2 3Rw' Rw L' 3Uw U L' Uw' U2 D2 F