[
    {
        "notation": "y3",
        "move": "y",
        "turnType": "counterClockwise",
        "slices": 1
    }
]
