[
    {
        "notation": "y4",
        "move": "y",
        "turnType": "none",
        "slices": 1
    }
]
