B 3Dw2 3Fw' Bw D R 3Uw' Fw U' Uw Bw B' L Lw' 3Rw' Uw' D 3Fw' B2 Rw' Uw2 3Lw2 3Dw R2 3Uw R' 3Uw2