[
    {
        "notation": "R",
        "move": "R",
        "turnType": "clockwise",
        "slices": 1
    },
    {
        "notation": "B2",
        "move": "B",
        "turnType": "double",
        "slices": 1
    },
    {
        "notation": "R'",
        "move": "R",
        "turnType": "counterClockwise",
        "slices": 1
    },
    {
        "notation": "U2",
        "move": "U",
        "turnType": "double",
        "slices": 1
    },
    {
        "notation": "r'",
        "move": "R",
        "turnType": "counterClockwise",
        "slices": 2
    },
    {
        "notation": "B2",
        "move": "B",
        "turnType": "double",
        "slices": 1
    },
    {
        "notation": "U2",
        "move": "U",
        "turnType": "double",
        "slices": 1
    },
    {
        "notation": "B2",
        "move": "B",
        "turnType": "double",
        "slices": 1
    },
    {
        "notation": "D2",
        "move": "D",
        "turnType": "double",
        "slices": 1
    },
    {
        "notation": "L'",
        "move": "L",
        "turnType": "counterClockwise",
        "slices": 1
    },
    {
        "notation": "D'",
        "move": "D",
        "turnType": "counterClockwise",
        "slices": 1
    },
    {
        "notation": "R'",
        "move": "R",
        "turnType": "counterClockwise",
        "slices": 1
    },
    {
        "notation": "B'",
        "move": "B",
        "turnType": "counterClockwise",
        "slices": 1
    },
    {
        "notation": "L",
        "move": "L",
        "turnType": "clockwise",
        "slices": 1
    },
    {
        "notation": "B'",
        "move": "B",
        "turnType": "counterClockwise",
        "slices": 1
    },
    {
        "notation": "D",
        "move": "D",
        "turnType": "clockwise",
        "slices": 1
    },
    {
        "notation": "L'",
        "move": "L",
        "turnType": "counterClockwise",
        "slices": 1
    },
    {
        "notation": "R2",
        "move": "R",
        "turnType": "double",
        "slices": 1
    },
    {
        "notation": "U'",
        "move": "U",
        "turnType": "counterClockwise",
        "slices": 1
    }
]
