[
    {
        "notation": "3yw3",
        "move": "y",
        "turnType": "counterClockwise",
        "slices": 3
    }
]
