{
    "firstLayer": {
        "U": [
            0,
            1,
            2,
            3,
            4,
            5,
            6,
            7,
            8
        ],
        "R": [
            0,
            1,
            2,
            3,
            4,
            5
        ],
        "F": [
            0,
            1,
            2,
            3,
            4,
            5
        ],
        "D": [],
        "L": [
            0,
            1,
            2,
            3,
            4,
            5
        ],
        "B": [
            0,
            1,
            2,
            3,
            4,
            5
        ]
    },
    "F2L": {
        "U": [
            0,
            1,
            2,
            3,
            4,
            5,
            6,
            7,
            8
        ],
        "R": [
            0,
            1,
            2
        ],
        "F": [
            0,
            1,
            2
        ],
        "D": [],
        "L": [
            0,
            1,
            2
        ],
        "B": [
            0,
            1,
            2
        ]
    },
    "lastLayer": {
        "U": [
            0,
            1,
            2,
            3,
            4,
            5,
            6,
            7,
            8
        ],
        "R": [
            3,
            4,
            5,
            6,
            7,
            8
        ],
        "F": [
            3,
            4,
            5,
            6,
            7,
            8
        ],
        "D": [],
        "L": [
            3,
            4,
            5,
            6,
            7,
            8
        ],
        "B": [
            3,
            4,
            5,
            6,
            7,
            8
        ]
    },
    "lastLayerCorners": {
        "U": [
            1,
            3,
            5,
            7
        ],
        "R": [
            1,
            3,
            4,
            5,
            6,
            7,
            8
        ],
        "F": [
            1,
            3,
            4,
            5,
            6,
            7,
            8
        ],
        "D": [
            0,
            1,
            2,
            3,
            4,
            5,
            6,
            7,
            8
        ],
        "L": [
            1,
            3,
            4,
            5,
            6,
            7,
            8
        ],
        "B": [
            1,
            3,
            4,
            5,
            6,
            7,
            8
        ]
    },
    "lastLayerEdges": {
        "U": [
            0,
            2,
            6,
            8
        ],
        "R": [
            0,
            2,
            3,
            4,
            5,
            6,
            7,
            8
        ],
        "F": [
            0,
            2,
            3,
            4,
            5,
            6,
            7,
            8
        ],
        "D": [
            0,
            1,
            2,
            3,
            4,
            5,
            6,
            7,
            8
        ],
        "L": [
            0,
            2,
            3,
            4,
            5,
            6,
            7,
            8
        ],
        "B": [
            0,
            2,
            3,
            4,
            5,
            6,
            7,
            8
        ]
    },
    "OLL": {
        "U": [],
        "R": [
            0,
            1,
            2,
            3,
            4,
            5,
            6,
            7,
            8
        ],
        "F": [
            0,
            1,
            2,
            3,
            4,
            5,
            6,
            7,
            8
        ],
        "D": [
            0,
            1,
            2,
            3,
            4,
            5,
            6,
            7,
            8
        ],
        "L": [
            0,
            1,
            2,
            3,
            4,
            5,
            6,
            7,
            8
        ],
        "B": [
            0,
            1,
            2,
            3,
            4,
            5,
            6,
            7,
            8
        ]
    }
}
