[
    {
        "axis": "x",
        "value": 30
    },
    {
        "axis": "y",
        "value": 231
    },
    {
        "axis": "z",
        "value": -90
    }
]
