{
    "size": 4,
    "colorScheme": {
        "U": "#FEFE00",
        "R": "#0000F2",
        "F": "#00D800",
        "D": "#FFFFFF",
        "L": "#FFA100",
        "B": "#EE0000"
    },
    "baseColor": "#EEEEEE",
    "faces": {
        "U": [
            "#404040",
            "#404040",
            "#404040",
            "#404040",
            "#404040",
            "#404040",
            "#404040",
            "#404040",
            "#404040",
            "#FEFE00",
            "#FEFE00",
            "#FEFE00",
            "#FEFE00",
            "#FEFE00",
            "#FEFE00",
            "#FEFE00"
        ],
        "R": [
            "#404040",
            "#404040",
            "#404040",
            "#0000F2",
            "#0000F2",
            "#0000F2",
            "#0000F2",
            "#0000F2",
            "#0000F2",
            "#0000F2",
            "#0000F2",
            "#0000F2",
            "#0000F2",
            "#0000F2",
            "#0000F2",
            "#0000F2"
        ],
        "F": [
            "#404040",
            "#404040",
            "#404040",
            "#00D800",
            "#00D800",
            "#00D800",
            "#00D800",
            "#00D800",
            "#00D800",
            "#00D800",
            "#00D800",
            "#00D800",
            "#00D800",
            "#00D800",
            "#00D800",
            "#00D800"
        ],
        "D": [
            "#FFFFFF",
            "#FFFFFF",
            "#FFFFFF",
            "#FFFFFF",
            "#FFFFFF",
            "#FFFFFF",
            "#FFFFFF",
            "#FFFFFF",
            "#FFFFFF",
            "#FFFFFF",
            "#FFFFFF",
            "#FFFFFF",
            "#FFFFFF",
            "#FFFFFF",
            "#FFFFFF",
            "#FFFFFF"
        ],
        "L": [
            "#404040",
            "#404040",
            "#404040",
            "#FFA100",
            "#FFA100",
            "#FFA100",
            "#FFA100",
            "#FFA100",
            "#FFA100",
            "#FFA100",
            "#FFA100",
            "#FFA100",
            "#FFA100",
            "#FFA100",
            "#FFA100",
            "#FFA100"
        ],
        "B": [
            "#404040",
            "#404040",
            "#404040",
            "#EE0000",
            "#EE0000",
            "#EE0000",
            "#EE0000",
            "#EE0000",
            "#EE0000",
            "#EE0000",
            "#EE0000",
            "#EE0000",
            "#EE0000",
            "#EE0000",
            "#EE0000",
            "#EE0000"
        ]
    },
    "algorithm": null,
    "mask": "F2L",
    "stickerMapping": {
        "clockWise": [
            13,
            9,
            5,
            1,
            14,
            10,
            6,
            2,
            15,
            11,
            7,
            3,
            16,
            12,
            8,
            4
        ],
        "counterClockWise": [
            4,
            8,
            12,
            16,
            3,
            7,
            11,
            15,
            2,
            6,
            10,
            14,
            1,
            5,
            9,
            13
        ],
        "opposite": [
            16,
            15,
            14,
            13,
            12,
            11,
            10,
            9,
            8,
            7,
            6,
            5,
            4,
            3,
            2,
            1
        ]
    }
}
