{
    "U": "#FEFE00",
    "R": "#000000",
    "F": "#00D800",
    "D": "#FFA100",
    "L": "#FFFFFF",
    "B": "#0000F2"
}
