{
    "U": "#FEFE00",
    "R": "#EE0000",
    "F": "#0000F2",
    "D": "#FFFFFF",
    "L": "#FFA100",
    "B": "#00D800"
}
