<html><body>
<h1 align="center">Puzzle generator</h1>
<p align="center">
<a href="https://github.com/robiningelbrecht/puzzle-generator/actions/workflows/ci.yml"><img src="https://github.com/robiningelbrecht/puzzle-generator/actions/workflows/ci.yml/badge.svg" alt="CI"></a>
<a href="https://codecov.io/gh/robiningelbrecht/puzzle-generator"><img src="https://codecov.io/gh/robiningelbrecht/puzzle-generator/branch/master/graph/badge.svg?token=hgnlFWvWvw" alt="Codecov.io"></a>
<a href="https://github.com/robiningelbrecht/puzzle-generator/blob/master/LICENSE"><img src="https://img.shields.io/github/license/robiningelbrecht/puzzle-generator?color=428f7e&amp;logo=open%20source%20initiative&amp;logoColor=white" alt="License"></a>
<a href="https://phpstan.org/"><img src="https://img.shields.io/badge/PHPStan-level%209-succes.svg?logo=php&amp;logoColor=white&amp;color=31C652" alt="PHPStan Enabled"></a>
<a href="https://php.net/"><img src="https://img.shields.io/packagist/php-v/robiningelbrecht/puzzle-generator/dev-master?color=%23777bb3&amp;logo=php&amp;logoColor=white" alt="PHP"></a>
</p>
<hr>
<p>Generate Full 3D pictures of Rubiks cube puzzles!</p>
<ul>
<li><code>git clone git@github.com:robiningelbrecht/puzzle-generator.git</code></li>
<li><code>docker-compose up --build -d</code></li>
<li><code>docker-compose run --rm php-cli composer install</code></li>
<li>Navigate to <code>http://localhost:9090/cube</code>
</li>
</ul>
</body></html>
