{
    "Location": [
        "https:\/\/github.com\/robiningelbrecht#jigsaw-lets-solve-this-rubuks-cube"
    ]
}
