{
    "cube": {
        "size": 5,
        "rotation": {
            "x": 43,
            "y": 35,
            "z": 29
        },
        "colorScheme": {
            "U": "#FEFE00",
            "R": "#EE0000",
            "F": "#0000F2",
            "D": "#FFFFFF",
            "L": "#FFA100",
            "B": "#00D800"
        },
        "baseColor": "#000000",
        "mask": null,
        "faces": {
            "U": [
                "#FEFE00",
                "#FEFE00",
                "#FEFE00",
                "#FEFE00",
                "#FEFE00",
                "#FEFE00",
                "#FEFE00",
                "#FEFE00",
                "#FEFE00",
                "#FEFE00",
                "#FEFE00",
                "#FEFE00",
                "#FEFE00",
                "#FEFE00",
                "#FEFE00",
                "#FEFE00",
                "#FEFE00",
                "#FEFE00",
                "#FEFE00",
                "#FEFE00",
                "#FEFE00",
                "#FEFE00",
                "#FEFE00",
                "#FEFE00",
                "#FEFE00"
            ],
            "R": [
                "#EE0000",
                "#EE0000",
                "#EE0000",
                "#EE0000",
                "#EE0000",
                "#EE0000",
                "#EE0000",
                "#EE0000",
                "#EE0000",
                "#EE0000",
                "#EE0000",
                "#EE0000",
                "#EE0000",
                "#EE0000",
                "#EE0000",
                "#EE0000",
                "#EE0000",
                "#EE0000",
                "#EE0000",
                "#EE0000",
                "#EE0000",
                "#EE0000",
                "#EE0000",
                "#EE0000",
                "#EE0000"
            ],
            "F": [
                "#0000F2",
                "#0000F2",
                "#0000F2",
                "#0000F2",
                "#0000F2",
                "#0000F2",
                "#0000F2",
                "#0000F2",
                "#0000F2",
                "#0000F2",
                "#0000F2",
                "#0000F2",
                "#0000F2",
                "#0000F2",
                "#0000F2",
                "#0000F2",
                "#0000F2",
                "#0000F2",
                "#0000F2",
                "#0000F2",
                "#0000F2",
                "#0000F2",
                "#0000F2",
                "#0000F2",
                "#0000F2"
            ],
            "D": [
                "#FFFFFF",
                "#FFFFFF",
                "#FFFFFF",
                "#FFFFFF",
                "#FFFFFF",
                "#FFFFFF",
                "#FFFFFF",
                "#FFFFFF",
                "#FFFFFF",
                "#FFFFFF",
                "#FFFFFF",
                "#FFFFFF",
                "#FFFFFF",
                "#FFFFFF",
                "#FFFFFF",
                "#FFFFFF",
                "#FFFFFF",
                "#FFFFFF",
                "#FFFFFF",
                "#FFFFFF",
                "#FFFFFF",
                "#FFFFFF",
                "#FFFFFF",
                "#FFFFFF",
                "#FFFFFF"
            ],
            "L": [
                "#FFA100",
                "#FFA100",
                "#FFA100",
                "#FFA100",
                "#FFA100",
                "#FFA100",
                "#FFA100",
                "#FFA100",
                "#FFA100",
                "#FFA100",
                "#FFA100",
                "#FFA100",
                "#FFA100",
                "#FFA100",
                "#FFA100",
                "#FFA100",
                "#FFA100",
                "#FFA100",
                "#FFA100",
                "#FFA100",
                "#FFA100",
                "#FFA100",
                "#FFA100",
                "#FFA100",
                "#FFA100"
            ],
            "B": [
                "#00D800",
                "#00D800",
                "#00D800",
                "#00D800",
                "#00D800",
                "#00D800",
                "#00D800",
                "#00D800",
                "#00D800",
                "#00D800",
                "#00D800",
                "#00D800",
                "#00D800",
                "#00D800",
                "#00D800",
                "#00D800",
                "#00D800",
                "#00D800",
                "#00D800",
                "#00D800",
                "#00D800",
                "#00D800",
                "#00D800",
                "#00D800",
                "#00D800"
            ]
        },
        "algorithm": [],
        "stickerMapping": {
            "clockWise": [
                21,
                16,
                11,
                6,
                1,
                22,
                17,
                12,
                7,
                2,
                23,
                18,
                13,
                8,
                3,
                24,
                19,
                14,
                9,
                4,
                25,
                20,
                15,
                10,
                5
            ],
            "counterClockWise": [
                5,
                10,
                15,
                20,
                25,
                4,
                9,
                14,
                19,
                24,
                3,
                8,
                13,
                18,
                23,
                2,
                7,
                12,
                17,
                22,
                1,
                6,
                11,
                16,
                21
            ],
            "opposite": [
                25,
                24,
                23,
                22,
                21,
                20,
                19,
                18,
                17,
                16,
                15,
                14,
                13,
                12,
                11,
                10,
                9,
                8,
                7,
                6,
                5,
                4,
                3,
                2,
                1
            ]
        }
    },
    "size": 128,
    "backgroundColor": "#FFFFFF"
}
