<!DOCTYPE html>
<html lang="en">    <head>        <meta charset="utf-8">        <meta name="viewport" content="width=device-width, initial-scale=1">        <title>404 Not Found</title>        <style>            body{margin:0;padding:30px;font:12px/1.5 Helvetica,Arial,Verdana,sans-serif}            h1{margin:0;font-size:48px;font-weight:normal;line-height:48px}            strong{display:inline-block;width:65px}        </style>    </head>    <body>        <h1>404 Not Found</h1>        <div>
<p>The application could not run because of the following error:</p>
<h2>Details</h2>
<div>
<strong>Type:</strong> Slim\Exception\HttpNotFoundException</div>
<div>
<strong>Code:</strong> 404</div>
<div>
<strong>Message:</strong> Not found.</div>
<div>
<strong>File:</strong> /Volumes/Projects/puzzle-generator/vendor/slim/slim/Slim/Middleware/RoutingMiddleware.php</div>
<div>
<strong>Line:</strong> 91</div>
<h2>Trace</h2>
<pre>#0 /Volumes/Projects/puzzle-generator/vendor/slim/slim/Slim/Routing/RouteRunner.php(72): Slim\Middleware\RoutingMiddleware-&gt;performRouting(Object(Slim\Psr7\Request))
#1 /Volumes/Projects/puzzle-generator/api/bootstrap.php(18): Slim\Routing\RouteRunner-&gt;handle(Object(Slim\Psr7\Request))
#2 /Volumes/Projects/puzzle-generator/vendor/slim/slim/Slim/MiddlewareDispatcher.php(313): App\Tests\WebTestCase-&gt;{closure}(Object(Slim\Psr7\Request), Object(Slim\Routing\RouteRunner))
#3 /Volumes/Projects/puzzle-generator/vendor/slim/slim/Slim/Middleware/ErrorMiddleware.php(107): Psr\Http\Server\RequestHandlerInterface@anonymous-&gt;handle(Object(Slim\Psr7\Request))
#4 /Volumes/Projects/puzzle-generator/vendor/slim/slim/Slim/MiddlewareDispatcher.php(147): Slim\Middleware\ErrorMiddleware-&gt;process(Object(Slim\Psr7\Request), Object(Psr\Http\Server\RequestHandlerInterface@anonymous))
#5 /Volumes/Projects/puzzle-generator/vendor/slim/slim/Slim/MiddlewareDispatcher.php(81): Psr\Http\Server\RequestHandlerInterface@anonymous-&gt;handle(Object(Slim\Psr7\Request))
#6 /Volumes/Projects/puzzle-generator/vendor/slim/slim/Slim/App.php(215): Slim\MiddlewareDispatcher-&gt;handle(Object(Slim\Psr7\Request))
#7 /Volumes/Projects/puzzle-generator/tests/Integration/RubiksCubeTest.php(55): Slim\App-&gt;handle(Object(Slim\Psr7\Request))
#8 /Volumes/Projects/puzzle-generator/vendor/phpunit/phpunit/src/Framework/TestCase.php(1548): App\Tests\Integration\RubiksCubeTest-&gt;testItShouldThrowWhenRouteNotFound()
#9 /Volumes/Projects/puzzle-generator/vendor/phpunit/phpunit/src/Framework/TestCase.php(1154): PHPUnit\Framework\TestCase-&gt;runTest()
#10 /Volumes/Projects/puzzle-generator/vendor/phpunit/phpunit/src/Framework/TestResult.php(728): PHPUnit\Framework\TestCase-&gt;runBare()
#11 /Volumes/Projects/puzzle-generator/vendor/phpunit/phpunit/src/Framework/TestCase.php(904): PHPUnit\Framework\TestResult-&gt;run(Object(App\Tests\Integration\RubiksCubeTest))
#12 /Volumes/Projects/puzzle-generator/vendor/phpunit/phpunit/src/Framework/TestSuite.php(673): PHPUnit\Framework\TestCase-&gt;run(Object(PHPUnit\Framework\TestResult))
#13 /Volumes/Projects/puzzle-generator/vendor/phpunit/phpunit/src/Framework/TestSuite.php(673): PHPUnit\Framework\TestSuite-&gt;run(Object(PHPUnit\Framework\TestResult))
#14 /Volumes/Projects/puzzle-generator/vendor/phpunit/phpunit/src/Framework/TestSuite.php(673): PHPUnit\Framework\TestSuite-&gt;run(Object(PHPUnit\Framework\TestResult))
#15 /Volumes/Projects/puzzle-generator/vendor/phpunit/phpunit/src/TextUI/TestRunner.php(673): PHPUnit\Framework\TestSuite-&gt;run(Object(PHPUnit\Framework\TestResult))
#16 /Volumes/Projects/puzzle-generator/vendor/phpunit/phpunit/src/TextUI/Command.php(144): PHPUnit\TextUI\TestRunner-&gt;run(Object(PHPUnit\Framework\TestSuite), Array, Array, true)
#17 /Volumes/Projects/puzzle-generator/vendor/phpunit/phpunit/src/TextUI/Command.php(97): PHPUnit\TextUI\Command-&gt;run(Array, true)
#18 /Volumes/Projects/puzzle-generator/vendor/phpunit/phpunit/phpunit(98): PHPUnit\TextUI\Command::main()
#19 {main}</pre>
</div>        <a href="#" onclick="window.history.go(-1)">Go Back</a>    </body>
</html>
