{
    "x": {
        "U": 0,
        "B": 2,
        "F": 0,
        "D": 0
    },
    "y": {
        "B": -1,
        "F": -1,
        "L": -1,
        "R": -1
    },
    "z": {
        "U": -1,
        "D": 1,
        "L": 0,
        "R": 2
    }
}
