{
    "x": 8.56,
    "y": -17.12,
    "z": 25.68
}
