{
    "x": 1,
    "y": -3.04639151271634,
    "z": -1.9286002051358007
}
