{
    "x": -36.83524554648753,
    "y": 98,
    "z": 16.160590506846304
}
