{
    "x": -0.10112579885271111,
    "y": -2.2337801084275064,
    "z": 3
}
