{
    "x": 0.9090909090909091,
    "y": 1.0909090909090908,
    "z": 33
}
