{
    "x": -2.132654309574795,
    "y": 2,
    "z": -2.334905907280217
}
