{
    "x": -6.12,
    "y": -12.24,
    "z": -18.36
}
