{
    "x": 2.6666666666666665,
    "y": 5.333333333333333,
    "z": 3
}
