{
    "x": -99.11694155943724,
    "y": -36.88945507734024,
    "z": 320
}
