<!DOCTYPE html>
<html lang="en">
<head>
    <meta charset="utf-8">
    <meta name="viewport" content="width=device-width, initial-scale=1">
    <title>Waw, this is embarrassing</title>
    <style>
        body {
            margin: 0;
            padding: 30px;
            font: 12px/1.5 Helvetica, Arial, Verdana, sans-serif
        }

        h1 {
            margin: 0;
            font-size: 48px;
            font-weight: normal;
            line-height: 48px
        }

        strong {
            display: inline-block;
            width: 65px
        }
    </style>
</head>
<body>
    <h1>Waw, this is embarrassing</h1>
    <div>
        <p>A website error has occurred. Sorry for the temporary inconvenience.</p>
    </div>
</body>
</html>
