{
    "points": [
        {
            "x": 1,
            "y": 2
        },
        {
            "x": 3,
            "y": 4
        }
    ],
    "fill": "#EE0000",
    "stroke": "#000000"
}
