{
    "cube": {
        "size": 3,
        "rotations": [
            {
                "axis": "y",
                "value": 45
            },
            {
                "axis": "x",
                "value": -34
            }
        ],
        "colorScheme": {
            "U": "#FEFE00",
            "R": "#EE0000",
            "F": "#0000F2",
            "D": "#FFFFFF",
            "L": "#FFA100",
            "B": "#00D800"
        },
        "baseColor": "#000000",
        "mask": null,
        "faces": {
            "U": [
                "#FEFE00",
                "#FEFE00",
                "#FEFE00",
                "#FEFE00",
                "#FEFE00",
                "#FEFE00",
                "#FEFE00",
                "#FEFE00",
                "#FEFE00"
            ],
            "R": [
                "#EE0000",
                "#EE0000",
                "#EE0000",
                "#EE0000",
                "#EE0000",
                "#EE0000",
                "#EE0000",
                "#EE0000",
                "#EE0000"
            ],
            "F": [
                "#0000F2",
                "#0000F2",
                "#0000F2",
                "#0000F2",
                "#0000F2",
                "#0000F2",
                "#0000F2",
                "#0000F2",
                "#0000F2"
            ],
            "D": [
                "#FFFFFF",
                "#FFFFFF",
                "#FFFFFF",
                "#FFFFFF",
                "#FFFFFF",
                "#FFFFFF",
                "#FFFFFF",
                "#FFFFFF",
                "#FFFFFF"
            ],
            "L": [
                "#FFA100",
                "#FFA100",
                "#FFA100",
                "#FFA100",
                "#FFA100",
                "#FFA100",
                "#FFA100",
                "#FFA100",
                "#FFA100"
            ],
            "B": [
                "#00D800",
                "#00D800",
                "#00D800",
                "#00D800",
                "#00D800",
                "#00D800",
                "#00D800",
                "#00D800",
                "#00D800"
            ]
        },
        "algorithm": null,
        "stickerMapping": {
            "clockWise": [
                7,
                4,
                1,
                8,
                5,
                2,
                9,
                6,
                3
            ],
            "counterClockWise": [
                3,
                6,
                9,
                2,
                5,
                8,
                1,
                4,
                7
            ],
            "opposite": [
                9,
                8,
                7,
                6,
                5,
                4,
                3,
                2,
                1
            ]
        }
    },
    "size": 100,
    "backgroundColor": "#FFA100",
    "viewbox": {
        "x": -0.9,
        "y": -0.9,
        "width": 1.8,
        "height": 1.8
    }
}
