{
    "cube": {
        "size": 3,
        "colorScheme": {
            "U": "#FEFE00",
            "R": "#EE0000",
            "F": "#0000F2",
            "D": "#FFFFFF",
            "L": "#FFA100",
            "B": "#00D800"
        },
        "baseColor": "#000000",
        "faces": {
            "U": [
                "#FEFE00",
                "#FEFE00",
                "#FEFE00",
                "#FEFE00",
                "#FEFE00",
                "#FEFE00",
                "#FEFE00",
                "#FEFE00",
                "#FEFE00"
            ],
            "R": [
                "#EE0000",
                "#EE0000",
                "#EE0000",
                "#EE0000",
                "#EE0000",
                "#EE0000",
                "#EE0000",
                "#EE0000",
                "#EE0000"
            ],
            "F": [
                "#0000F2",
                "#0000F2",
                "#0000F2",
                "#0000F2",
                "#0000F2",
                "#0000F2",
                "#0000F2",
                "#0000F2",
                "#0000F2"
            ],
            "D": [
                "#FFFFFF",
                "#FFFFFF",
                "#FFFFFF",
                "#FFFFFF",
                "#FFFFFF",
                "#FFFFFF",
                "#FFFFFF",
                "#FFFFFF",
                "#FFFFFF"
            ],
            "L": [
                "#FFA100",
                "#FFA100",
                "#FFA100",
                "#FFA100",
                "#FFA100",
                "#FFA100",
                "#FFA100",
                "#FFA100",
                "#FFA100"
            ],
            "B": [
                "#00D800",
                "#00D800",
                "#00D800",
                "#00D800",
                "#00D800",
                "#00D800",
                "#00D800",
                "#00D800",
                "#00D800"
            ]
        },
        "algorithm": null,
        "mask": null,
        "stickerMapping": {
            "clockWise": [
                7,
                4,
                1,
                8,
                5,
                2,
                9,
                6,
                3
            ],
            "counterClockWise": [
                3,
                6,
                9,
                2,
                5,
                8,
                1,
                4,
                7
            ],
            "opposite": [
                9,
                8,
                7,
                6,
                5,
                4,
                3,
                2,
                1
            ]
        }
    },
    "svg": {
        "size": 128,
        "rotations": [
            {
                "axis": "y",
                "value": 45
            },
            {
                "axis": "x",
                "value": -34
            }
        ],
        "backgroundColor": "transparent",
        "viewbox": {
            "x": -0.9,
            "y": -0.9,
            "width": 1.8,
            "height": 1.8
        },
        "faces": {
            "visible": [
                "U",
                "R",
                "F"
            ],
            "hidden": [
                "B",
                "L",
                "D"
            ]
        },
        "groups": [
            {
                "attributes": [
                    {
                        "name": "opacity",
                        "value": "1"
                    },
                    {
                        "name": "stroke",
                        "value": "#000000"
                    },
                    {
                        "name": "stroke-width",
                        "value": "0.1"
                    },
                    {
                        "name": "stroke-linejoin",
                        "value": "round"
                    }
                ],
                "polygons": [
                    {
                        "points": [
                            {
                                "x": -4.916544434495171e-17,
                                "y": -0.7173417095434858
                            },
                            {
                                "x": 0.7040503714557547,
                                "y": -0.412727063604675
                            },
                            {
                                "x": 6.310854057798544e-17,
                                "y": -0.021725090572532482
                            },
                            {
                                "x": -0.7040503714557547,
                                "y": -0.41272706360467487
                            }
                        ],
                        "fill": "#000000",
                        "stroke": "#000000"
                    },
                    {
                        "points": [
                            {
                                "x": 6.310854057798544e-17,
                                "y": -0.021725090572532482
                            },
                            {
                                "x": 0.7040503714557547,
                                "y": -0.412727063604675
                            },
                            {
                                "x": 0.6294802835706107,
                                "y": 0.36901272915735306
                            },
                            {
                                "x": 5.558946895936223e-17,
                                "y": 0.811070564442442
                            }
                        ],
                        "fill": "#000000",
                        "stroke": "#000000"
                    },
                    {
                        "points": [
                            {
                                "x": -0.7040503714557547,
                                "y": -0.41272706360467487
                            },
                            {
                                "x": 6.310854057798544e-17,
                                "y": -0.021725090572532482
                            },
                            {
                                "x": 5.558946895936223e-17,
                                "y": 0.811070564442442
                            },
                            {
                                "x": -0.6294802835706107,
                                "y": 0.36901272915735317
                            }
                        ],
                        "fill": "#000000",
                        "stroke": "#000000"
                    }
                ]
            },
            {
                "attributes": [
                    {
                        "name": "stoke-opacity",
                        "value": "0.5"
                    },
                    {
                        "name": "stroke-width",
                        "value": "0"
                    },
                    {
                        "name": "stroke-linejoin",
                        "value": "round"
                    }
                ],
                "polygons": [
                    {
                        "points": [
                            {
                                "x": -4.9439549272153187e-17,
                                "y": -0.7475706456469225
                            },
                            {
                                "x": 0.19598754651202577,
                                "y": -0.6627746146957071
                            },
                            {
                                "x": -1.6979580126641744e-17,
                                "y": -0.5712372096175355
                            },
                            {
                                "x": -0.19598754651202585,
                                "y": -0.6627746146957071
                            }
                        ],
                        "fill": "#FEFE00",
                        "stroke": "#000000"
                    },
                    {
                        "points": [
                            {
                                "x": 0.23200530924360602,
                                "y": -0.6465470845072364
                            },
                            {
                                "x": 0.4435740729475292,
                                "y": -0.5550096794290649
                            },
                            {
                                "x": 0.24823152717746377,
                                "y": -0.4558937015776122
                            },
                            {
                                "x": 0.03601776273158022,
                                "y": -0.5550096794290649
                            }
                        ],
                        "fill": "#FEFE00",
                        "stroke": "#000000"
                    },
                    {
                        "points": [
                            {
                                "x": 0.48258385553551725,
                                "y": -0.5374319940515476
                            },
                            {
                                "x": 0.7116688386572189,
                                "y": -0.4383160162000951
                            },
                            {
                                "x": 0.5177834153920599,
                                "y": -0.33063965366640463
                            },
                            {
                                "x": 0.2872413097654518,
                                "y": -0.43831601620009497
                            }
                        ],
                        "fill": "#FEFE00",
                        "stroke": "#000000"
                    },
                    {
                        "points": [
                            {
                                "x": -0.2320053092436061,
                                "y": -0.6465470845072364
                            },
                            {
                                "x": -0.03601776273158028,
                                "y": -0.5550096794290649
                            },
                            {
                                "x": -0.24823152717746377,
                                "y": -0.4558937015776122
                            },
                            {
                                "x": -0.4435740729475292,
                                "y": -0.5550096794290649
                            }
                        ],
                        "fill": "#FEFE00",
                        "stroke": "#000000"
                    },
                    {
                        "points": [
                            {
                                "x": -1.1906711768916368e-17,
                                "y": -0.5374319940515476
                            },
                            {
                                "x": 0.21221376444588352,
                                "y": -0.43831601620009497
                            },
                            {
                                "x": 1.3125827139793114e-17,
                                "y": -0.33063965366640463
                            },
                            {
                                "x": -0.21221376444588352,
                                "y": -0.43831601620009497
                            }
                        ],
                        "fill": "#FEFE00",
                        "stroke": "#000000"
                    },
                    {
                        "points": [
                            {
                                "x": 0.25135344771691365,
                                "y": -0.41921203524539596
                            },
                            {
                                "x": 0.48189555334352174,
                                "y": -0.31153567271170557
                            },
                            {
                                "x": 0.2705089958968211,
                                "y": -0.1941398664099025
                            },
                            {
                                "x": 0.039139683271030096,
                                "y": -0.31153567271170557
                            }
                        ],
                        "fill": "#FEFE00",
                        "stroke": "#000000"
                    },
                    {
                        "points": [
                            {
                                "x": -0.48258385553551725,
                                "y": -0.5374319940515476
                            },
                            {
                                "x": -0.2872413097654518,
                                "y": -0.43831601620009497
                            },
                            {
                                "x": -0.5177834153920599,
                                "y": -0.33063965366640463
                            },
                            {
                                "x": -0.7116688386572189,
                                "y": -0.43831601620009497
                            }
                        ],
                        "fill": "#FEFE00",
                        "stroke": "#000000"
                    },
                    {
                        "points": [
                            {
                                "x": -0.25135344771691365,
                                "y": -0.41921203524539596
                            },
                            {
                                "x": -0.039139683271030096,
                                "y": -0.31153567271170557
                            },
                            {
                                "x": -0.270508995896821,
                                "y": -0.1941398664099025
                            },
                            {
                                "x": -0.4818955533435217,
                                "y": -0.31153567271170557
                            }
                        ],
                        "fill": "#FEFE00",
                        "stroke": "#000000"
                    },
                    {
                        "points": [
                            {
                                "x": 1.9219742927125638e-17,
                                "y": -0.2906971602755079
                            },
                            {
                                "x": 0.23136931262579094,
                                "y": -0.1733013539737048
                            },
                            {
                                "x": 6.32515829415181e-17,
                                "y": -0.044807908897154594
                            },
                            {
                                "x": -0.23136931262579088,
                                "y": -0.1733013539737048
                            }
                        ],
                        "fill": "#FEFE00",
                        "stroke": "#000000"
                    }
                ]
            },
            {
                "attributes": [
                    {
                        "name": "stoke-opacity",
                        "value": "0.5"
                    },
                    {
                        "name": "stroke-width",
                        "value": "0"
                    },
                    {
                        "name": "stroke-linejoin",
                        "value": "round"
                    }
                ],
                "polygons": [
                    {
                        "points": [
                            {
                                "x": 0.019572311898468087,
                                "y": -0.010962661045530175
                            },
                            {
                                "x": 0.250941624524259,
                                "y": -0.1394561061220804
                            },
                            {
                                "x": 0.24139184674777242,
                                "y": 0.12672756322785989
                            },
                            {
                                "x": 0.019572311898468087,
                                "y": 0.26171620101573884
                            }
                        ],
                        "fill": "#EE0000",
                        "stroke": "#000000"
                    },
                    {
                        "points": [
                            {
                                "x": 0.2893053448908658,
                                "y": -0.161716522846766
                            },
                            {
                                "x": 0.5006919023375664,
                                "y": -0.27911232914856904
                            },
                            {
                                "x": 0.4831750853101313,
                                "y": -0.019324131300045566
                            },
                            {
                                "x": 0.27975556711437916,
                                "y": 0.1044671465031743
                            }
                        ],
                        "fill": "#EE0000",
                        "stroke": "#000000"
                    },
                    {
                        "points": [
                            {
                                "x": 0.5358628716212711,
                                "y": -0.2995235772551864
                            },
                            {
                                "x": 0.72974829488643,
                                "y": -0.4071999397888768
                            },
                            {
                                "x": 0.7055638156957884,
                                "y": -0.15366705164652283
                            },
                            {
                                "x": 0.518346054593836,
                                "y": -0.039735379406662885
                            }
                        ],
                        "fill": "#EE0000",
                        "stroke": "#000000"
                    },
                    {
                        "points": [
                            {
                                "x": 0.018796486168384363,
                                "y": 0.30740091161998356
                            },
                            {
                                "x": 0.2406160210176887,
                                "y": 0.17241227383210464
                            },
                            {
                                "x": 0.23182332941007322,
                                "y": 0.4174934652856094
                            },
                            {
                                "x": 0.018796486168384363,
                                "y": 0.5575251199416298
                            }
                        ],
                        "fill": "#EE0000",
                        "stroke": "#000000"
                    },
                    {
                        "points": [
                            {
                                "x": 0.2774849815471717,
                                "y": 0.14913168479738348
                            },
                            {
                                "x": 0.4809044997429238,
                                "y": 0.025340406994163622
                            },
                            {
                                "x": 0.4647209744243927,
                                "y": 0.2653548383119273
                            },
                            {
                                "x": 0.26869228993955624,
                                "y": 0.3942128762508882
                            }
                        ],
                        "fill": "#EE0000",
                        "stroke": "#000000"
                    },
                    {
                        "points": [
                            {
                                "x": 0.5148227204762722,
                                "y": 0.003920251492025649
                            },
                            {
                                "x": 0.7020404815782246,
                                "y": -0.1100114207478343
                            },
                            {
                                "x": 0.6796261786066031,
                                "y": 0.12496419825544561
                            },
                            {
                                "x": 0.498639195157741,
                                "y": 0.24393468280978933
                            }
                        ],
                        "fill": "#EE0000",
                        "stroke": "#000000"
                    },
                    {
                        "points": [
                            {
                                "x": 0.018079821190448833,
                                "y": 0.5995707095854195
                            },
                            {
                                "x": 0.23110666443213768,
                                "y": 0.45953905492939906
                            },
                            {
                                "x": 0.22298446134886818,
                                "y": 0.6859315292373696
                            },
                            {
                                "x": 0.018079821190448833,
                                "y": 0.8298275400139175
                            }
                        ],
                        "fill": "#EE0000",
                        "stroke": "#000000"
                    },
                    {
                        "points": [
                            {
                                "x": 0.2665932102811922,
                                "y": 0.4354625855969316
                            },
                            {
                                "x": 0.46262189476602866,
                                "y": 0.30660454765797074
                            },
                            {
                                "x": 0.44762501691218537,
                                "y": 0.5290200621262909
                            },
                            {
                                "x": 0.25847100719792276,
                                "y": 0.661855059904902
                            }
                        ],
                        "fill": "#EE0000",
                        "stroke": "#000000"
                    },
                    {
                        "points": [
                            {
                                "x": 0.49537315323634573,
                                "y": 0.2843815907481053
                            },
                            {
                                "x": 0.6763601366852079,
                                "y": 0.16541110619376156
                            },
                            {
                                "x": 0.6555285202279258,
                                "y": 0.38379496484357856
                            },
                            {
                                "x": 0.4803762753825024,
                                "y": 0.5067971052164255
                            }
                        ],
                        "fill": "#EE0000",
                        "stroke": "#000000"
                    }
                ]
            },
            {
                "attributes": [
                    {
                        "name": "stoke-opacity",
                        "value": "0.5"
                    },
                    {
                        "name": "stroke-width",
                        "value": "0"
                    },
                    {
                        "name": "stroke-linejoin",
                        "value": "round"
                    }
                ],
                "polygons": [
                    {
                        "points": [
                            {
                                "x": -0.7303366180184777,
                                "y": -0.4066480006971559
                            },
                            {
                                "x": -0.5364511947533187,
                                "y": -0.29897163816346556
                            },
                            {
                                "x": -0.5189343777258836,
                                "y": -0.03918344031494203
                            },
                            {
                                "x": -0.7061521388278361,
                                "y": -0.15311511255480192
                            }
                        ],
                        "fill": "#0000F2",
                        "stroke": "#000000"
                    },
                    {
                        "points": [
                            {
                                "x": -0.5013948763891206,
                                "y": -0.27854802283962055
                            },
                            {
                                "x": -0.29000831894241996,
                                "y": -0.16115221653781747
                            },
                            {
                                "x": -0.2804585411659334,
                                "y": 0.10503145281212281
                            },
                            {
                                "x": -0.4838780593616856,
                                "y": -0.018759824991097004
                            }
                        ],
                        "fill": "#0000F2",
                        "stroke": "#000000"
                    },
                    {
                        "points": [
                            {
                                "x": -0.25178425197512533,
                                "y": -0.1388830008828455
                            },
                            {
                                "x": -0.020414939349334443,
                                "y": -0.01038955580629529
                            },
                            {
                                "x": -0.020414939349334443,
                                "y": 0.2622893062549737
                            },
                            {
                                "x": -0.2422344741986388,
                                "y": 0.12730066846709476
                            }
                        ],
                        "fill": "#0000F2",
                        "stroke": "#000000"
                    },
                    {
                        "points": [
                            {
                                "x": -0.7025902560770267,
                                "y": -0.10956681966126212
                            },
                            {
                                "x": -0.5153724949750742,
                                "y": 0.004364852578597797
                            },
                            {
                                "x": -0.49918896965654314,
                                "y": 0.2443792838963615
                            },
                            {
                                "x": -0.6801759531054052,
                                "y": 0.12540879934201776
                            }
                        ],
                        "fill": "#0000F2",
                        "stroke": "#000000"
                    },
                    {
                        "points": [
                            {
                                "x": -0.4815566321291811,
                                "y": 0.025787474064964316
                            },
                            {
                                "x": -0.27813711393342894,
                                "y": 0.14957875186818415
                            },
                            {
                                "x": -0.2693444223258134,
                                "y": 0.39465994332168886
                            },
                            {
                                "x": -0.46537310681065,
                                "y": 0.265801905382728
                            }
                        ],
                        "fill": "#0000F2",
                        "stroke": "#000000"
                    },
                    {
                        "points": [
                            {
                                "x": -0.24139184674777237,
                                "y": 0.17285724590870535
                            },
                            {
                                "x": -0.019572311898467976,
                                "y": 0.3078458836965843
                            },
                            {
                                "x": -0.019572311898467976,
                                "y": 0.5579700920182306
                            },
                            {
                                "x": -0.23259915514015683,
                                "y": 0.4179384373622101
                            }
                        ],
                        "fill": "#0000F2",
                        "stroke": "#000000"
                    },
                    {
                        "points": [
                            {
                                "x": -0.6768749665619819,
                                "y": 0.16576684053068838
                            },
                            {
                                "x": -0.49588798311311977,
                                "y": 0.28473732508503213
                            },
                            {
                                "x": -0.4808911052592764,
                                "y": 0.5071528395533523
                            },
                            {
                                "x": -0.6560433501046998,
                                "y": 0.3841506991805054
                            }
                        ],
                        "fill": "#0000F2",
                        "stroke": "#000000"
                    },
                    {
                        "points": [
                            {
                                "x": -0.46322848371637343,
                                "y": 0.3069554558791163
                            },
                            {
                                "x": -0.26719979923153686,
                                "y": 0.4358134938180772
                            },
                            {
                                "x": -0.2590775961482674,
                                "y": 0.6622059681260476
                            },
                            {
                                "x": -0.4482316058625301,
                                "y": 0.5293709703474366
                            }
                        ],
                        "fill": "#0000F2",
                        "stroke": "#000000"
                    },
                    {
                        "points": [
                            {
                                "x": -0.2318233294100731,
                                "y": 0.4598800275282692
                            },
                            {
                                "x": -0.018796486168384252,
                                "y": 0.5999116821842896
                            },
                            {
                                "x": -0.018796486168384252,
                                "y": 0.8301685126127875
                            },
                            {
                                "x": -0.22370112632680367,
                                "y": 0.6862725018362396
                            }
                        ],
                        "fill": "#0000F2",
                        "stroke": "#000000"
                    }
                ]
            }
        ]
    }
}
