{
    "cube": {
        "size": 3,
        "colorScheme": {
            "U": "#FEFE00",
            "R": "#EE0000",
            "F": "#0000F2",
            "D": "#FFFFFF",
            "L": "#FFA100",
            "B": "#00D800"
        },
        "baseColor": "#000000",
        "faces": {
            "U": [
                "#FEFE00",
                "#FEFE00",
                "#FEFE00",
                "#FEFE00",
                "#FEFE00",
                "#FEFE00",
                "#FEFE00",
                "#FEFE00",
                "#FEFE00"
            ],
            "R": [
                "#EE0000",
                "#EE0000",
                "#EE0000",
                "#EE0000",
                "#EE0000",
                "#EE0000",
                "#EE0000",
                "#EE0000",
                "#EE0000"
            ],
            "F": [
                "#0000F2",
                "#0000F2",
                "#0000F2",
                "#0000F2",
                "#0000F2",
                "#0000F2",
                "#0000F2",
                "#0000F2",
                "#0000F2"
            ],
            "D": [
                "#FFFFFF",
                "#FFFFFF",
                "#FFFFFF",
                "#FFFFFF",
                "#FFFFFF",
                "#FFFFFF",
                "#FFFFFF",
                "#FFFFFF",
                "#FFFFFF"
            ],
            "L": [
                "#FFA100",
                "#FFA100",
                "#FFA100",
                "#FFA100",
                "#FFA100",
                "#FFA100",
                "#FFA100",
                "#FFA100",
                "#FFA100"
            ],
            "B": [
                "#00D800",
                "#00D800",
                "#00D800",
                "#00D800",
                "#00D800",
                "#00D800",
                "#00D800",
                "#00D800",
                "#00D800"
            ]
        },
        "algorithm": null,
        "mask": null,
        "stickerMapping": {
            "clockWise": [
                7,
                4,
                1,
                8,
                5,
                2,
                9,
                6,
                3
            ],
            "counterClockWise": [
                3,
                6,
                9,
                2,
                5,
                8,
                1,
                4,
                7
            ],
            "opposite": [
                9,
                8,
                7,
                6,
                5,
                4,
                3,
                2,
                1
            ]
        }
    },
    "svg": {
        "size": 100,
        "rotations": [
            {
                "axis": "x",
                "value": -90
            }
        ],
        "backgroundColor": "#FFA100",
        "view": "top",
        "viewbox": {
            "x": -0.9,
            "y": -0.9,
            "width": 1.8,
            "height": 1.8
        },
        "faces": {
            "visible": [
                "U"
            ],
            "hidden": [
                "D",
                "B",
                "R",
                "L",
                "F"
            ]
        },
        "groups": [
            {
                "attributes": [
                    {
                        "name": "opacity",
                        "value": "1"
                    },
                    {
                        "name": "stroke",
                        "value": "#000000"
                    },
                    {
                        "name": "stroke-width",
                        "value": "0.1"
                    },
                    {
                        "name": "stroke-linejoin",
                        "value": "round"
                    }
                ],
                "polygons": [
                    {
                        "points": [
                            {
                                "x": -0.5222222222222223,
                                "y": -0.5222222222222223
                            },
                            {
                                "x": 0.5222222222222223,
                                "y": -0.5222222222222223
                            },
                            {
                                "x": 0.5222222222222223,
                                "y": 0.5222222222222221
                            },
                            {
                                "x": -0.5222222222222223,
                                "y": 0.5222222222222221
                            }
                        ],
                        "fill": "#000000",
                        "stroke": "#000000"
                    }
                ]
            },
            {
                "attributes": [
                    {
                        "name": "stoke-opacity",
                        "value": "0.5"
                    },
                    {
                        "name": "stroke-width",
                        "value": "0"
                    },
                    {
                        "name": "stroke-linejoin",
                        "value": "round"
                    }
                ],
                "polygons": [
                    {
                        "points": [
                            {
                                "x": -0.5277777777777778,
                                "y": -0.5277777777777778
                            },
                            {
                                "x": -0.21296296296296297,
                                "y": -0.5277777777777778
                            },
                            {
                                "x": -0.21296296296296297,
                                "y": -0.21296296296296302
                            },
                            {
                                "x": -0.5277777777777778,
                                "y": -0.21296296296296302
                            }
                        ],
                        "fill": "#FEFE00",
                        "stroke": "#000000"
                    },
                    {
                        "points": [
                            {
                                "x": -0.15740740740740738,
                                "y": -0.5277777777777778
                            },
                            {
                                "x": 0.15740740740740738,
                                "y": -0.5277777777777778
                            },
                            {
                                "x": 0.15740740740740738,
                                "y": -0.21296296296296302
                            },
                            {
                                "x": -0.15740740740740738,
                                "y": -0.21296296296296302
                            }
                        ],
                        "fill": "#FEFE00",
                        "stroke": "#000000"
                    },
                    {
                        "points": [
                            {
                                "x": 0.21296296296296297,
                                "y": -0.5277777777777778
                            },
                            {
                                "x": 0.5277777777777778,
                                "y": -0.5277777777777778
                            },
                            {
                                "x": 0.5277777777777778,
                                "y": -0.21296296296296302
                            },
                            {
                                "x": 0.21296296296296297,
                                "y": -0.21296296296296302
                            }
                        ],
                        "fill": "#FEFE00",
                        "stroke": "#000000"
                    },
                    {
                        "points": [
                            {
                                "x": -0.5277777777777778,
                                "y": -0.15740740740740744
                            },
                            {
                                "x": -0.21296296296296297,
                                "y": -0.15740740740740744
                            },
                            {
                                "x": -0.21296296296296297,
                                "y": 0.15740740740740733
                            },
                            {
                                "x": -0.5277777777777778,
                                "y": 0.15740740740740733
                            }
                        ],
                        "fill": "#FEFE00",
                        "stroke": "#000000"
                    },
                    {
                        "points": [
                            {
                                "x": -0.15740740740740738,
                                "y": -0.15740740740740744
                            },
                            {
                                "x": 0.15740740740740738,
                                "y": -0.15740740740740744
                            },
                            {
                                "x": 0.15740740740740738,
                                "y": 0.15740740740740733
                            },
                            {
                                "x": -0.15740740740740738,
                                "y": 0.15740740740740733
                            }
                        ],
                        "fill": "#FEFE00",
                        "stroke": "#000000"
                    },
                    {
                        "points": [
                            {
                                "x": 0.21296296296296297,
                                "y": -0.15740740740740744
                            },
                            {
                                "x": 0.5277777777777778,
                                "y": -0.15740740740740744
                            },
                            {
                                "x": 0.5277777777777778,
                                "y": 0.15740740740740733
                            },
                            {
                                "x": 0.21296296296296297,
                                "y": 0.15740740740740733
                            }
                        ],
                        "fill": "#FEFE00",
                        "stroke": "#000000"
                    },
                    {
                        "points": [
                            {
                                "x": -0.5277777777777778,
                                "y": 0.2129629629629629
                            },
                            {
                                "x": -0.21296296296296297,
                                "y": 0.2129629629629629
                            },
                            {
                                "x": -0.21296296296296297,
                                "y": 0.5277777777777777
                            },
                            {
                                "x": -0.5277777777777778,
                                "y": 0.5277777777777777
                            }
                        ],
                        "fill": "#FEFE00",
                        "stroke": "#000000"
                    },
                    {
                        "points": [
                            {
                                "x": -0.15740740740740738,
                                "y": 0.2129629629629629
                            },
                            {
                                "x": 0.15740740740740738,
                                "y": 0.2129629629629629
                            },
                            {
                                "x": 0.15740740740740738,
                                "y": 0.5277777777777777
                            },
                            {
                                "x": -0.15740740740740738,
                                "y": 0.5277777777777777
                            }
                        ],
                        "fill": "#FEFE00",
                        "stroke": "#000000"
                    },
                    {
                        "points": [
                            {
                                "x": 0.21296296296296297,
                                "y": 0.2129629629629629
                            },
                            {
                                "x": 0.5277777777777778,
                                "y": 0.2129629629629629
                            },
                            {
                                "x": 0.5277777777777778,
                                "y": 0.5277777777777777
                            },
                            {
                                "x": 0.21296296296296297,
                                "y": 0.5277777777777777
                            }
                        ],
                        "fill": "#FEFE00",
                        "stroke": "#000000"
                    }
                ]
            },
            {
                "attributes": [
                    {
                        "name": "opacity",
                        "value": "1"
                    },
                    {
                        "name": "stroke-opacity",
                        "value": "1"
                    },
                    {
                        "name": "stroke-width",
                        "value": "0.02"
                    },
                    {
                        "name": "stroke-linejoin",
                        "value": "round"
                    }
                ],
                "polygons": [
                    {
                        "points": [
                            {
                                "x": 0.5544061302681993,
                                "y": 0.5440613026819923
                            },
                            {
                                "x": 0.5544061302681993,
                                "y": 0.19591315453384417
                            },
                            {
                                "x": 0.7183908045977012,
                                "y": 0.1839080459770115
                            },
                            {
                                "x": 0.7183908045977012,
                                "y": 0.5080459770114942
                            }
                        ],
                        "fill": "#EE0000",
                        "stroke": "#000000"
                    },
                    {
                        "points": [
                            {
                                "x": 0.5544061302681993,
                                "y": 0.17445721583652612
                            },
                            {
                                "x": 0.5544061302681993,
                                "y": -0.173690932311622
                            },
                            {
                                "x": 0.7183908045977012,
                                "y": -0.16168582375478924
                            },
                            {
                                "x": 0.7183908045977012,
                                "y": 0.16245210727969348
                            }
                        ],
                        "fill": "#EE0000",
                        "stroke": "#000000"
                    },
                    {
                        "points": [
                            {
                                "x": 0.5544061302681993,
                                "y": -0.19514687100894001
                            },
                            {
                                "x": 0.5544061302681993,
                                "y": -0.5432950191570881
                            },
                            {
                                "x": 0.7183908045977012,
                                "y": -0.5072796934865901
                            },
                            {
                                "x": 0.7183908045977012,
                                "y": -0.18314176245210728
                            }
                        ],
                        "fill": "#EE0000",
                        "stroke": "#000000"
                    },
                    {
                        "points": [
                            {
                                "x": -0.5440613026819924,
                                "y": 0.5544061302681992
                            },
                            {
                                "x": -0.1959131545338442,
                                "y": 0.5544061302681992
                            },
                            {
                                "x": -0.1839080459770115,
                                "y": 0.7183908045977012
                            },
                            {
                                "x": -0.5080459770114942,
                                "y": 0.7183908045977012
                            }
                        ],
                        "fill": "#0000F2",
                        "stroke": "#000000"
                    },
                    {
                        "points": [
                            {
                                "x": -0.17445721583652612,
                                "y": 0.5544061302681992
                            },
                            {
                                "x": 0.17369093231162197,
                                "y": 0.5544061302681992
                            },
                            {
                                "x": 0.16168582375478924,
                                "y": 0.7183908045977012
                            },
                            {
                                "x": -0.1624521072796935,
                                "y": 0.7183908045977012
                            }
                        ],
                        "fill": "#0000F2",
                        "stroke": "#000000"
                    },
                    {
                        "points": [
                            {
                                "x": 0.19514687100894,
                                "y": 0.5544061302681992
                            },
                            {
                                "x": 0.5432950191570881,
                                "y": 0.5544061302681992
                            },
                            {
                                "x": 0.5072796934865901,
                                "y": 0.7183908045977012
                            },
                            {
                                "x": 0.18314176245210728,
                                "y": 0.7183908045977012
                            }
                        ],
                        "fill": "#0000F2",
                        "stroke": "#000000"
                    },
                    {
                        "points": [
                            {
                                "x": -0.5544061302681993,
                                "y": -0.5440613026819924
                            },
                            {
                                "x": -0.5544061302681993,
                                "y": -0.19591315453384425
                            },
                            {
                                "x": -0.7183908045977012,
                                "y": -0.1839080459770115
                            },
                            {
                                "x": -0.7183908045977012,
                                "y": -0.5080459770114942
                            }
                        ],
                        "fill": "#FFA100",
                        "stroke": "#000000"
                    },
                    {
                        "points": [
                            {
                                "x": -0.5544061302681993,
                                "y": -0.17445721583652624
                            },
                            {
                                "x": -0.5544061302681993,
                                "y": 0.17369093231162192
                            },
                            {
                                "x": -0.7183908045977012,
                                "y": 0.16168582375478924
                            },
                            {
                                "x": -0.7183908045977012,
                                "y": -0.16245210727969345
                            }
                        ],
                        "fill": "#FFA100",
                        "stroke": "#000000"
                    },
                    {
                        "points": [
                            {
                                "x": -0.5544061302681993,
                                "y": 0.19514687100893996
                            },
                            {
                                "x": -0.5544061302681993,
                                "y": 0.543295019157088
                            },
                            {
                                "x": -0.7183908045977012,
                                "y": 0.5072796934865901
                            },
                            {
                                "x": -0.7183908045977012,
                                "y": 0.18314176245210728
                            }
                        ],
                        "fill": "#FFA100",
                        "stroke": "#000000"
                    },
                    {
                        "points": [
                            {
                                "x": 0.5440613026819924,
                                "y": -0.5544061302681993
                            },
                            {
                                "x": 0.1959131545338442,
                                "y": -0.5544061302681993
                            },
                            {
                                "x": 0.1839080459770115,
                                "y": -0.7183908045977012
                            },
                            {
                                "x": 0.5080459770114942,
                                "y": -0.7183908045977012
                            }
                        ],
                        "fill": "#00D800",
                        "stroke": "#000000"
                    },
                    {
                        "points": [
                            {
                                "x": 0.17445721583652612,
                                "y": -0.5544061302681993
                            },
                            {
                                "x": -0.17369093231162197,
                                "y": -0.5544061302681993
                            },
                            {
                                "x": -0.16168582375478924,
                                "y": -0.7183908045977012
                            },
                            {
                                "x": 0.1624521072796935,
                                "y": -0.7183908045977012
                            }
                        ],
                        "fill": "#00D800",
                        "stroke": "#000000"
                    },
                    {
                        "points": [
                            {
                                "x": -0.19514687100894,
                                "y": -0.5544061302681993
                            },
                            {
                                "x": -0.5432950191570881,
                                "y": -0.5544061302681993
                            },
                            {
                                "x": -0.5072796934865901,
                                "y": -0.7183908045977012
                            },
                            {
                                "x": -0.18314176245210728,
                                "y": -0.7183908045977012
                            }
                        ],
                        "fill": "#00D800",
                        "stroke": "#000000"
                    }
                ]
            }
        ]
    }
}
