{
    "notation": "3B",
    "move": "B",
    "turnType": "clockwise",
    "slices": 3
}
